../Core/Src/main.c:161:6:led_init	16	static
../Core/Src/main.c:170:6:all_led_on	8	static
../Core/Src/main.c:178:6:all_led_off	8	static
../Core/Src/main.c:186:6:driver_motor1_ports_init	8	static
../Core/Src/main.c:193:6:tim1_for_motor1_ports_init	8	static
../Core/Src/main.c:207:5:main	8	static
../Core/Src/main.c:259:6:SystemClock_Config	72	static
../Core/Src/main.c:299:13:MX_TIM1_Init	48	static
../Core/Src/main.c:376:13:MX_TIM2_Init	48	static
../Core/Src/main.c:452:13:MX_TIM4_Init	64	static
../Core/Src/main.c:511:13:MX_USART3_UART_Init	8	static
../Core/Src/main.c:544:13:MX_GPIO_Init	40	static
../Core/Src/main.c:607:6:HAL_UART_RxCpltCallback	16	static
../Core/Src/main.c:622:6:HAL_UART_TxCpltCallback	16	static
../Core/Src/main.c:664:6:hnd_state_for_motor1	16	static
../Core/Src/main.c:673:15:hnd_state_in_pwm_R	24	static
../Core/Src/main.c:681:15:hnd_state_in_pwm_L	24	static
../Core/Src/main.c:690:15:hnd_state_in_pwm_i	32	static
../Core/Src/main.c:709:6:led_state_pwm	16	static
../Core/Src/main.c:762:6:hal_tim_set_compare	16	static
../Core/Src/main.c:766:6:state_zero	8	static
../Core/Src/main.c:774:6:enable_L	8	static
../Core/Src/main.c:780:6:enable_R	8	static
../Core/Src/main.c:786:6:state_MAX_L	8	static
../Core/Src/main.c:792:6:state_MAX_R	8	static
../Core/Src/main.c:798:6:state_PWM_L	16	static
../Core/Src/main.c:804:6:state_PWM_R	16	static
../Core/Src/main.c:811:10:falling_to_pwm	24	static
../Core/Src/main.c:871:6:HAL_TIM_IC_CaptureCallback	40	static
../Core/Src/main.c:902:6:fill_arr	24	static
../Core/Src/main.c:923:6:print_uniq_uart_data	16	static
../Core/Src/main.c:930:6:print_uart_data	88	static
../Core/Src/main.c:942:6:Error_Handler	4	static,ignoring_inline_asm
