../Core/Src/main.c:161:6:led_init	16	static
../Core/Src/main.c:170:6:all_led_on	8	static
../Core/Src/main.c:178:6:all_led_off	8	static
../Core/Src/main.c:186:6:driver_motor1_ports_init	8	static
../Core/Src/main.c:193:6:tim1_for_motor1_ports_init	8	static
../Core/Src/main.c:207:5:main	8	static
../Core/Src/main.c:259:6:SystemClock_Config	72	static
../Core/Src/main.c:299:13:MX_TIM1_Init	48	static
../Core/Src/main.c:379:13:MX_TIM2_Init	48	static
../Core/Src/main.c:455:13:MX_TIM4_Init	64	static
../Core/Src/main.c:514:13:MX_USART3_UART_Init	8	static
../Core/Src/main.c:547:13:MX_GPIO_Init	40	static
../Core/Src/main.c:610:6:HAL_UART_RxCpltCallback	16	static
../Core/Src/main.c:625:6:HAL_UART_TxCpltCallback	16	static
../Core/Src/main.c:667:6:hnd_state_for_motor1	16	static
../Core/Src/main.c:676:15:hnd_state_in_pwm_R	24	static
../Core/Src/main.c:684:15:hnd_state_in_pwm_L	24	static
../Core/Src/main.c:693:15:hnd_state_in_pwm_i	32	static
../Core/Src/main.c:712:6:led_state_pwm	16	static
../Core/Src/main.c:765:6:hal_tim_set_compare	16	static
../Core/Src/main.c:769:6:state_zero	8	static
../Core/Src/main.c:777:6:enable_L	8	static
../Core/Src/main.c:783:6:enable_R	8	static
../Core/Src/main.c:789:6:state_MAX_L	8	static
../Core/Src/main.c:795:6:state_MAX_R	8	static
../Core/Src/main.c:801:6:state_PWM_L	16	static
../Core/Src/main.c:807:6:state_PWM_R	16	static
../Core/Src/main.c:814:10:falling_to_pwm	24	static
../Core/Src/main.c:875:6:HAL_TIM_IC_CaptureCallback	24	static
../Core/Src/main.c:916:6:fill_arr	24	static
../Core/Src/main.c:937:6:print_uniq_uart_data	16	static
../Core/Src/main.c:944:6:print_uart_data	88	static
../Core/Src/main.c:956:6:Error_Handler	4	static,ignoring_inline_asm
