../Core/Src/main.c:160:6:led_init	1
../Core/Src/main.c:169:6:all_led_on	1
../Core/Src/main.c:177:6:all_led_off	1
../Core/Src/main.c:185:6:driver_motor1_ports_init	1
../Core/Src/main.c:192:6:tim1_for_motor1_ports_init	1
../Core/Src/main.c:206:5:main	1
../Core/Src/main.c:257:6:SystemClock_Config	3
../Core/Src/main.c:297:13:MX_TIM1_Init	9
../Core/Src/main.c:374:13:MX_TIM2_Init	9
../Core/Src/main.c:450:13:MX_TIM4_Init	6
../Core/Src/main.c:509:13:MX_USART3_UART_Init	2
../Core/Src/main.c:542:13:MX_GPIO_Init	1
../Core/Src/main.c:605:6:HAL_UART_RxCpltCallback	3
../Core/Src/main.c:622:6:HAL_UART_TxCpltCallback	3
../Core/Src/main.c:671:6:hnd_state_for_motor1	2
../Core/Src/main.c:680:15:hnd_state_in_pwm_R	1
../Core/Src/main.c:688:15:hnd_state_in_pwm_L	1
../Core/Src/main.c:697:15:hnd_state_in_pwm_i	5
../Core/Src/main.c:716:6:led_state_pwm	11
../Core/Src/main.c:769:6:hal_tim_set_compare	1
../Core/Src/main.c:773:6:state_zero	1
../Core/Src/main.c:781:6:enable_L	1
../Core/Src/main.c:787:6:enable_R	1
../Core/Src/main.c:793:6:state_MAX_L	1
../Core/Src/main.c:799:6:state_MAX_R	1
../Core/Src/main.c:805:6:state_PWM_L	1
../Core/Src/main.c:811:6:state_PWM_R	1
../Core/Src/main.c:818:10:falling_to_pwm	13
../Core/Src/main.c:841:6:HAL_TIM_IC_CaptureCallback	6
../Core/Src/main.c:872:6:fill_arr	2
../Core/Src/main.c:887:6:print_uniq_uart_data	2
../Core/Src/main.c:894:6:print_uart_data	1
../Core/Src/main.c:906:6:Error_Handler	1
