../Drivers/CMSIS/Include/core_cm3.h:1600:22:__NVIC_ClearPendingIRQ	16	static
../Core/Src/main.c:134:5:main	8	static
../Core/Src/main.c:208:6:SystemClock_Config	72	static
../Core/Src/main.c:248:13:MX_TIM1_Init	48	static
../Core/Src/main.c:325:13:MX_TIM2_Init	48	static
../Core/Src/main.c:400:13:MX_TIM3_Init	64	static
../Core/Src/main.c:459:13:MX_USART3_UART_Init	8	static
../Core/Src/main.c:492:13:MX_GPIO_Init	40	static
../Core/Src/main.c:556:6:HAL_UART_RxCpltCallback	16	static
../Core/Src/main.c:573:6:HAL_UART_TxCpltCallback	16	static
../Core/Src/main.c:588:6:button_hnd	8	static
../Core/Src/main.c:605:6:HAL_GPIO_EXTI_Callback	16	static
../Core/Src/main.c:633:6:pwm_input_hnd	24	static
../Core/Src/main.c:641:6:pwm_in_hnd_i	32	static
../Core/Src/main.c:726:6:pwm_generate_hnd	16	static
../Core/Src/main.c:756:10:falling_to_pwm	24	static
../Core/Src/main.c:778:6:HAL_TIM_IC_CaptureCallback	32	static
../Core/Src/main.c:835:6:fill_arr	32	static
../Core/Src/main.c:850:6:select_print_data	8	static
../Core/Src/main.c:863:6:print_uart_data	88	static
../Core/Src/main.c:877:6:Error_Handler	4	static,ignoring_inline_asm
