../Core/Src/main.c:162:6:led_init	1
../Core/Src/main.c:171:6:all_led_on	1
../Core/Src/main.c:179:6:all_led_off	1
../Core/Src/main.c:187:6:driver_motor1_ports_init	1
../Core/Src/main.c:194:6:tim1_for_motor1_ports_init	1
../Core/Src/main.c:208:5:main	1
../Core/Src/main.c:260:6:SystemClock_Config	3
../Core/Src/main.c:300:13:MX_TIM1_Init	9
../Core/Src/main.c:380:13:MX_TIM2_Init	9
../Core/Src/main.c:456:13:MX_TIM4_Init	6
../Core/Src/main.c:515:13:MX_USART3_UART_Init	2
../Core/Src/main.c:548:13:MX_GPIO_Init	1
../Core/Src/main.c:611:6:HAL_UART_RxCpltCallback	3
../Core/Src/main.c:626:6:HAL_UART_TxCpltCallback	3
../Core/Src/main.c:668:6:hnd_state_for_motor1	2
../Core/Src/main.c:677:15:hnd_state_in_pwm_R	1
../Core/Src/main.c:685:15:hnd_state_in_pwm_L	1
../Core/Src/main.c:694:15:hnd_state_in_pwm_i	5
../Core/Src/main.c:713:6:led_state_pwm	11
../Core/Src/main.c:766:6:hal_tim_set_compare	1
../Core/Src/main.c:770:6:state_zero	1
../Core/Src/main.c:778:6:enable_L	1
../Core/Src/main.c:784:6:enable_R	1
../Core/Src/main.c:790:6:state_MAX_L	1
../Core/Src/main.c:796:6:state_MAX_R	1
../Core/Src/main.c:802:6:state_PWM_L	1
../Core/Src/main.c:808:6:state_PWM_R	1
../Core/Src/main.c:828:10:falling_to_pwm	3
../Core/Src/main.c:859:6:HAL_TIM_IC_CaptureCallback	6
../Core/Src/main.c:892:6:fill_arr	2
../Core/Src/main.c:913:6:print_uniq_uart_data	2
../Core/Src/main.c:920:6:print_uart_data	1
../Core/Src/main.c:932:6:Error_Handler	1
