../Core/Src/main.c:151:6:user_init	16	static
../Core/Src/main.c:160:6:all_led_on	8	static
../Core/Src/main.c:168:6:all_led_off	8	static
../Core/Src/main.c:183:5:main	8	static
../Core/Src/main.c:251:6:SystemClock_Config	72	static
../Core/Src/main.c:291:13:MX_TIM1_Init	48	static
../Core/Src/main.c:368:13:MX_TIM2_Init	48	static
../Core/Src/main.c:444:13:MX_TIM4_Init	64	static
../Core/Src/main.c:503:13:MX_USART3_UART_Init	8	static
../Core/Src/main.c:536:13:MX_GPIO_Init	40	static
../Core/Src/main.c:600:6:HAL_UART_RxCpltCallback	16	static
../Core/Src/main.c:617:6:HAL_UART_TxCpltCallback	16	static
../Core/Src/main.c:666:6:hnd_pfm_for_motor_1	16	static
../Core/Src/main.c:675:16:pwm_input_hnd_R	24	static
../Core/Src/main.c:680:16:pwm_input_hnd_L	24	static
../Core/Src/main.c:685:16:pwm_in_hnd_i	32	static
../Core/Src/main.c:769:6:hal_tim_set_compare	16	static
../Core/Src/main.c:773:6:state_zero	8	static
../Core/Src/main.c:780:6:enable_L	8	static
../Core/Src/main.c:786:6:enable_R	8	static
../Core/Src/main.c:792:6:state_MAX_L	8	static
../Core/Src/main.c:797:6:state_MAX_R	8	static
../Core/Src/main.c:802:6:state_PWM_L	16	static
../Core/Src/main.c:808:6:state_PWM_R	16	static
../Core/Src/main.c:815:10:falling_to_pwm	24	static
../Core/Src/main.c:847:6:HAL_TIM_IC_CaptureCallback	32	static
../Core/Src/main.c:896:6:fill_arr	24	static
../Core/Src/main.c:931:6:print_uart_data	88	static
../Core/Src/main.c:945:6:Error_Handler	4	static,ignoring_inline_asm
