../Core/Src/main.c:172:6:user_init	16	static
../Core/Src/main.c:181:6:all_led_on	8	static
../Core/Src/main.c:189:6:all_led_off	8	static
../Core/Src/main.c:204:5:main	8	static
../Core/Src/main.c:273:6:SystemClock_Config	72	static
../Core/Src/main.c:313:13:MX_TIM1_Init	48	static
../Core/Src/main.c:390:13:MX_TIM2_Init	48	static
../Core/Src/main.c:466:13:MX_TIM4_Init	64	static
../Core/Src/main.c:525:13:MX_USART3_UART_Init	8	static
../Core/Src/main.c:558:13:MX_GPIO_Init	40	static
../Core/Src/main.c:622:6:HAL_UART_RxCpltCallback	16	static
../Core/Src/main.c:639:6:HAL_UART_TxCpltCallback	16	static
../Core/Src/main.c:688:6:hnd_pfm_for_motor_1	16	static
../Core/Src/main.c:697:15:pwm_input_hnd_R	32	static
../Core/Src/main.c:702:15:pwm_input_hnd_L	32	static
../Core/Src/main.c:707:15:pwm_in_hnd_i	24	static
../Core/Src/main.c:747:6:led_state_pwm	16	static
../Core/Src/main.c:801:6:hal_tim_set_compare	16	static
../Core/Src/main.c:805:6:state_zero	8	static
../Core/Src/main.c:813:6:enable_L	8	static
../Core/Src/main.c:819:6:enable_R	8	static
../Core/Src/main.c:825:6:state_MAX_L	8	static
../Core/Src/main.c:831:6:state_MAX_R	8	static
../Core/Src/main.c:837:6:state_PWM_L	16	static
../Core/Src/main.c:843:6:state_PWM_R	16	static
../Core/Src/main.c:850:10:falling_to_pwm	24	static
../Core/Src/main.c:872:6:check_pwm_signal	16	static
../Core/Src/main.c:886:6:HAL_TIM_IC_CaptureCallback	40	static
../Core/Src/main.c:917:6:fill_arr	24	static
../Core/Src/main.c:952:6:print_uniq_uart_data	16	static
../Core/Src/main.c:959:6:print_uart_data	88	static
../Core/Src/main.c:973:6:Error_Handler	4	static,ignoring_inline_asm
